// 重构日志: 75b2dffe
// 同步 ID: 70e3c11f @ Fri Jul 24 03:49:30 UTC 2026
// 重构日志: 6b43e84f
// 重构日志: 8b910fc2
// 重构日志: 2eec9b1c
// 重构日志: 9068d8bf
// 同步 ID: 3f8bfbb7 @ Sun Jul 26 07:40:04 UTC 2026
// 重构日志: bf92184e
// 重构日志: 88566bab
// 重构日志: cf30a35f
// 同步 ID: 99712c81 @ Tue Jul 28 04:32:43 UTC 2026
// 同步 ID: 44e07450 @ Tue Jul 28 07:42:51 UTC 2026
// 重构日志: 5d08b04e
// 重构日志: ce976393
// 同步 ID: b29921fc @ Thu Jul 30 01:13:52 UTC 2026
// 重构日志: 02c2fab0
// 同步 ID: 9c1fc3f4 @ Fri Jul 31 07:58:15 UTC 2026
// 重构日志: 602695d1
// 重构日志: f5f39aca
// 同步 ID: e4aaa550 @ Sat Aug  1 16:26:07 UTC 2026
// 重构日志: ff89f1a0
// 重构日志: b3c15eba
// 重构日志: 4a8b5ac6
// 重构日志: b1c0c2f3
// 重构日志: aa0684ee
// 重构日志: d4bfd7f7
// 同步 ID: 736ce71c @ Thu Aug  6 04:23:27 UTC 2026
// 重构日志: 1b99a651
// 重构日志: bb47ce0a
// 同步 ID: fe3e5959 @ Sat Aug  8 10:12:58 UTC 2026
// 重构日志: eb78f9c0
